Archive member included to satisfy reference by file (symbol)

c:/st/stm32cubeide_1.8.0/stm32cubeide/plugins/com.st.stm32cube.ide.mcu.externaltools.gnu-tools-for-stm32.9-2020-q2-update.win32_2.0.0.202105311346/tools/bin/../lib/gcc/arm-none-eabi/9.3.1/../../../../arm-none-eabi/lib/thumb/v7-m/nofp\libc_nano.a(lib_a-errno.o)
                              ./Core/Src/syscalls.o (__errno)
c:/st/stm32cubeide_1.8.0/stm32cubeide/plugins/com.st.stm32cube.ide.mcu.externaltools.gnu-tools-for-stm32.9-2020-q2-update.win32_2.0.0.202105311346/tools/bin/../lib/gcc/arm-none-eabi/9.3.1/../../../../arm-none-eabi/lib/thumb/v7-m/nofp\libc_nano.a(lib_a-exit.o)
                              c:/st/stm32cubeide_1.8.0/stm32cubeide/plugins/com.st.stm32cube.ide.mcu.externaltools.gnu-tools-for-stm32.9-2020-q2-update.win32_2.0.0.202105311346/tools/bin/../lib/gcc/arm-none-eabi/9.3.1/../../../../arm-none-eabi/lib/thumb/v7-m/nofp/crt0.o (exit)
c:/st/stm32cubeide_1.8.0/stm32cubeide/plugins/com.st.stm32cube.ide.mcu.externaltools.gnu-tools-for-stm32.9-2020-q2-update.win32_2.0.0.202105311346/tools/bin/../lib/gcc/arm-none-eabi/9.3.1/../../../../arm-none-eabi/lib/thumb/v7-m/nofp\libc_nano.a(lib_a-impure.o)
                              c:/st/stm32cubeide_1.8.0/stm32cubeide/plugins/com.st.stm32cube.ide.mcu.externaltools.gnu-tools-for-stm32.9-2020-q2-update.win32_2.0.0.202105311346/tools/bin/../lib/gcc/arm-none-eabi/9.3.1/../../../../arm-none-eabi/lib/thumb/v7-m/nofp\libc_nano.a(lib_a-exit.o) (_global_impure_ptr)
c:/st/stm32cubeide_1.8.0/stm32cubeide/plugins/com.st.stm32cube.ide.mcu.externaltools.gnu-tools-for-stm32.9-2020-q2-update.win32_2.0.0.202105311346/tools/bin/../lib/gcc/arm-none-eabi/9.3.1/../../../../arm-none-eabi/lib/thumb/v7-m/nofp\libc_nano.a(lib_a-init.o)
                              c:/st/stm32cubeide_1.8.0/stm32cubeide/plugins/com.st.stm32cube.ide.mcu.externaltools.gnu-tools-for-stm32.9-2020-q2-update.win32_2.0.0.202105311346/tools/bin/../lib/gcc/arm-none-eabi/9.3.1/../../../../arm-none-eabi/lib/thumb/v7-m/nofp/crt0.o (__libc_init_array)
c:/st/stm32cubeide_1.8.0/stm32cubeide/plugins/com.st.stm32cube.ide.mcu.externaltools.gnu-tools-for-stm32.9-2020-q2-update.win32_2.0.0.202105311346/tools/bin/../lib/gcc/arm-none-eabi/9.3.1/../../../../arm-none-eabi/lib/thumb/v7-m/nofp\libc_nano.a(lib_a-memset.o)
                              c:/st/stm32cubeide_1.8.0/stm32cubeide/plugins/com.st.stm32cube.ide.mcu.externaltools.gnu-tools-for-stm32.9-2020-q2-update.win32_2.0.0.202105311346/tools/bin/../lib/gcc/arm-none-eabi/9.3.1/../../../../arm-none-eabi/lib/thumb/v7-m/nofp/crt0.o (memset)

Allocating common symbols
Common symbol       size              file

hspi2               0x58              ./Core/Src/main.o
huart3              0x44              ./Core/Src/main.o
uwTick              0x4               ./Drivers/STM32F1xx_HAL_Driver/Src/stm32f1xx_hal.o
pFlash              0x20              ./Drivers/STM32F1xx_HAL_Driver/Src/stm32f1xx_hal_flash.o
hspi1               0x58              ./Core/Src/main.o

Discarded input sections

 .text          0x0000000000000000        0x0 c:/st/stm32cubeide_1.8.0/stm32cubeide/plugins/com.st.stm32cube.ide.mcu.externaltools.gnu-tools-for-stm32.9-2020-q2-update.win32_2.0.0.202105311346/tools/bin/../lib/gcc/arm-none-eabi/9.3.1/thumb/v7-m/nofp/crti.o
 .data          0x0000000000000000        0x0 c:/st/stm32cubeide_1.8.0/stm32cubeide/plugins/com.st.stm32cube.ide.mcu.externaltools.gnu-tools-for-stm32.9-2020-q2-update.win32_2.0.0.202105311346/tools/bin/../lib/gcc/arm-none-eabi/9.3.1/thumb/v7-m/nofp/crti.o
 .bss           0x0000000000000000        0x0 c:/st/stm32cubeide_1.8.0/stm32cubeide/plugins/com.st.stm32cube.ide.mcu.externaltools.gnu-tools-for-stm32.9-2020-q2-update.win32_2.0.0.202105311346/tools/bin/../lib/gcc/arm-none-eabi/9.3.1/thumb/v7-m/nofp/crti.o
 .data          0x0000000000000000        0x4 c:/st/stm32cubeide_1.8.0/stm32cubeide/plugins/com.st.stm32cube.ide.mcu.externaltools.gnu-tools-for-stm32.9-2020-q2-update.win32_2.0.0.202105311346/tools/bin/../lib/gcc/arm-none-eabi/9.3.1/thumb/v7-m/nofp/crtbegin.o
 .text          0x0000000000000000       0x7c c:/st/stm32cubeide_1.8.0/stm32cubeide/plugins/com.st.stm32cube.ide.mcu.externaltools.gnu-tools-for-stm32.9-2020-q2-update.win32_2.0.0.202105311346/tools/bin/../lib/gcc/arm-none-eabi/9.3.1/../../../../arm-none-eabi/lib/thumb/v7-m/nofp/crt0.o
 .data          0x0000000000000000        0x0 c:/st/stm32cubeide_1.8.0/stm32cubeide/plugins/com.st.stm32cube.ide.mcu.externaltools.gnu-tools-for-stm32.9-2020-q2-update.win32_2.0.0.202105311346/tools/bin/../lib/gcc/arm-none-eabi/9.3.1/../../../../arm-none-eabi/lib/thumb/v7-m/nofp/crt0.o
 .bss           0x0000000000000000        0x0 c:/st/stm32cubeide_1.8.0/stm32cubeide/plugins/com.st.stm32cube.ide.mcu.externaltools.gnu-tools-for-stm32.9-2020-q2-update.win32_2.0.0.202105311346/tools/bin/../lib/gcc/arm-none-eabi/9.3.1/../../../../arm-none-eabi/lib/thumb/v7-m/nofp/crt0.o
[...]
Memory Configuration

Name             Origin             Length             Attributes
RAM              0x0000000020000000 0x0000000000005000 xrw
FLASH            0x0000000008000000 0x0000000000010000 xr
*default*        0x0000000000000000 0xffffffffffffffff

Linker script and memory map

LOAD c:/st/stm32cubeide_1.8.0/stm32cubeide/plugins/com.st.stm32cube.ide.mcu.externaltools.gnu-tools-for-stm32.9-2020-q2-update.win32_2.0.0.202105311346/tools/bin/../lib/gcc/arm-none-eabi/9.3.1/thumb/v7-m/nofp/crti.o
LOAD c:/st/stm32cubeide_1.8.0/stm32cubeide/plugins/com.st.stm32cube.ide.mcu.externaltools.gnu-tools-for-stm32.9-2020-q2-update.win32_2.0.0.202105311346/tools/bin/../lib/gcc/arm-none-eabi/9.3.1/thumb/v7-m/nofp/crtbegin.o
LOAD c:/st/stm32cubeide_1.8.0/stm32cubeide/plugins/com.st.stm32cube.ide.mcu.externaltools.gnu-tools-for-stm32.9-2020-q2-update.win32_2.0.0.202105311346/tools/bin/../lib/gcc/arm-none-eabi/9.3.1/../../../../arm-none-eabi/lib/thumb/v7-m/nofp/crt0.o
LOAD ./Application/app_main.o
LOAD ./Core/Src/main.o
LOAD ./Core/Src/stm32f1xx_hal_msp.o
LOAD ./Core/Src/stm32f1xx_it.o
LOAD ./Core/Src/syscalls.o
LOAD ./Core/Src/sysmem.o
LOAD ./Core/Src/system_stm32f1xx.o
LOAD ./Core/Startup/startup_stm32f103c8tx.o
LOAD ./Drivers/STM32F1xx_HAL_Driver/Src/stm32f1xx_hal.o
LOAD ./Drivers/STM32F1xx_HAL_Driver/Src/stm32f1xx_hal_cortex.o
LOAD ./Drivers/STM32F1xx_HAL_Driver/Src/stm32f1xx_hal_dma.o
LOAD ./Drivers/STM32F1xx_HAL_Driver/Src/stm32f1xx_hal_exti.o
LOAD ./Drivers/STM32F1xx_HAL_Driver/Src/stm32f1xx_hal_flash.o
LOAD ./Drivers/STM32F1xx_HAL_Driver/Src/stm32f1xx_hal_flash_ex.o
LOAD ./Drivers/STM32F1xx_HAL_Driver/Src/stm32f1xx_hal_gpio.o
LOAD ./Drivers/STM32F1xx_HAL_Driver/Src/stm32f1xx_hal_gpio_ex.o
LOAD ./Drivers/STM32F1xx_HAL_Driver/Src/stm32f1xx_hal_pwr.o
LOAD ./Drivers/STM32F1xx_HAL_Driver/Src/stm32f1xx_hal_rcc.o
LOAD ./Drivers/STM32F1xx_HAL_Driver/Src/stm32f1xx_hal_rcc_ex.o
LOAD ./Drivers/STM32F1xx_HAL_Driver/Src/stm32f1xx_hal_spi.o
LOAD ./Drivers/STM32F1xx_HAL_Driver/Src/stm32f1xx_hal_tim.o
LOAD ./Drivers/STM32F1xx_HAL_Driver/Src/stm32f1xx_hal_tim_ex.o
LOAD ./Drivers/STM32F1xx_HAL_Driver/Src/stm32f1xx_hal_uart.o
LOAD ./stm32f1/nRF24L01_PL/src/nrf24_lower_api_stm32.o
LOAD ./stm32f1/nRF24L01_PL/src/nrf24_upper_api.o
START GROUP
LOAD c:/st/stm32cubeide_1.8.0/stm32cubeide/plugins/com.st.stm32cube.ide.mcu.externaltools.gnu-tools-for-stm32.9-2020-q2-update.win32_2.0.0.202105311346/tools/bin/../lib/gcc/arm-none-eabi/9.3.1/../../../../arm-none-eabi/lib/thumb/v7-m/nofp\libc_nano.a
LOAD c:/st/stm32cubeide_1.8.0/stm32cubeide/plugins/com.st.stm32cube.ide.mcu.externaltools.gnu-tools-for-stm32.9-2020-q2-update.win32_2.0.0.202105311346/tools/bin/../lib/gcc/arm-none-eabi/9.3.1/../../../../arm-none-eabi/lib/thumb/v7-m/nofp\libm.a
END GROUP
START GROUP
LOAD c:/st/stm32cubeide_1.8.0/stm32cubeide/plugins/com.st.stm32cube.ide.mcu.externaltools.gnu-tools-for-stm32.9-2020-q2-update.win32_2.0.0.202105311346/tools/bin/../lib/gcc/arm-none-eabi/9.3.1/thumb/v7-m/nofp\libgcc.a
LOAD c:/st/stm32cubeide_1.8.0/stm32cubeide/plugins/com.st.stm32cube.ide.mcu.externaltools.gnu-tools-for-stm32.9-2020-q2-update.win32_2.0.0.202105311346/tools/bin/../lib/gcc/arm-none-eabi/9.3.1/../../../../arm-none-eabi/lib/thumb/v7-m/nofp\libc_nano.a
END GROUP
START GROUP
LOAD c:/st/stm32cubeide_1.8.0/stm32cubeide/plugins/com.st.stm32cube.ide.mcu.externaltools.gnu-tools-for-stm32.9-2020-q2-update.win32_2.0.0.202105311346/tools/bin/../lib/gcc/arm-none-eabi/9.3.1/thumb/v7-m/nofp\libgcc.a
LOAD c:/st/stm32cubeide_1.8.0/stm32cubeide/plugins/com.st.stm32cube.ide.mcu.externaltools.gnu-tools-for-stm32.9-2020-q2-update.win32_2.0.0.202105311346/tools/bin/../lib/gcc/arm-none-eabi/9.3.1/../../../../arm-none-eabi/lib/thumb/v7-m/nofp\libc_nano.a
LOAD c:/st/stm32cubeide_1.8.0/stm32cubeide/plugins/com.st.stm32cube.ide.mcu.externaltools.gnu-tools-for-stm32.9-2020-q2-update.win32_2.0.0.202105311346/tools/bin/../lib/gcc/arm-none-eabi/9.3.1/../../../../arm-none-eabi/lib/thumb/v7-m/nofp\libnosys.a
END GROUP
START GROUP
LOAD c:/st/stm32cubeide_1.8.0/stm32cubeide/plugins/com.st.stm32cube.ide.mcu.externaltools.gnu-tools-for-stm32.9-2020-q2-update.win32_2.0.0.202105311346/tools/bin/../lib/gcc/arm-none-eabi/9.3.1/thumb/v7-m/nofp\libgcc.a
LOAD c:/st/stm32cubeide_1.8.0/stm32cubeide/plugins/com.st.stm32cube.ide.mcu.externaltools.gnu-tools-for-stm32.9-2020-q2-update.win32_2.0.0.202105311346/tools/bin/../lib/gcc/arm-none-eabi/9.3.1/../../../../arm-none-eabi/lib/thumb/v7-m/nofp\libc_nano.a
LOAD c:/st/stm32cubeide_1.8.0/stm32cubeide/plugins/com.st.stm32cube.ide.mcu.externaltools.gnu-tools-for-stm32.9-2020-q2-update.win32_2.0.0.202105311346/tools/bin/../lib/gcc/arm-none-eabi/9.3.1/../../../../arm-none-eabi/lib/thumb/v7-m/nofp\libnosys.a
END GROUP
LOAD c:/st/stm32cubeide_1.8.0/stm32cubeide/plugins/com.st.stm32cube.ide.mcu.externaltools.gnu-tools-for-stm32.9-2020-q2-update.win32_2.0.0.202105311346/tools/bin/../lib/gcc/arm-none-eabi/9.3.1/thumb/v7-m/nofp/crtend.o
LOAD c:/st/stm32cubeide_1.8.0/stm32cubeide/plugins/com.st.stm32cube.ide.mcu.externaltools.gnu-tools-for-stm32.9-2020-q2-update.win32_2.0.0.202105311346/tools/bin/../lib/gcc/arm-none-eabi/9.3.1/thumb/v7-m/nofp/crtn.o
                0x0000000020005000                _estack = (ORIGIN (RAM) + LENGTH (RAM))
                0x0000000000000200                _Min_Heap_Size = 0x200
                0x0000000000000400                _Min_Stack_Size = 0x400

.isr_vector     0x0000000008000000      0x10c
                0x0000000008000000                . = ALIGN (0x4)
 *(.isr_vector)
 .isr_vector    0x0000000008000000      0x10c ./Core/Startup/startup_stm32f103c8tx.o
                0x0000000008000000                g_pfnVectors
                0x000000000800010c                . = ALIGN (0x4)

.text           0x000000000800010c     0x2858
                0x000000000800010c                . = ALIGN (0x4)
 *(.text)
 .text          0x000000000800010c       0x40 c:/st/stm32cubeide_1.8.0/stm32cubeide/plugins/com.st.stm32cube.ide.mcu.externaltools.gnu-tools-for-stm32.9-2020-q2-update.win32_2.0.0.202105311346/tools/bin/../lib/gcc/arm-none-eabi/9.3.1/thumb/v7-m/nofp/crtbegin.o
 *(.text*)
 .text.app_main
                0x000000000800014c       0xe4 ./Application/app_main.o
                0x000000000800014c                app_main
 .text.main     0x0000000008000230       0x22 ./Core/Src/main.o
                0x0000000008000230                main
 .text.SystemClock_Config
                0x0000000008000252       0x8a ./Core/Src/main.o
                0x0000000008000252                SystemClock_Config
 .text.MX_SPI1_Init
                0x00000000080002dc       0x6c ./Core/Src/main.o
 .text.MX_SPI2_Init
                0x0000000008000348       0x6c ./Core/Src/main.o
 .text.MX_USART3_UART_Init
                0x00000000080003b4       0x54 ./Core/Src/main.o
 .text.MX_GPIO_Init
                0x0000000008000408      0x140 ./Core/Src/main.o
 .text.Error_Handler
                0x0000000008000548        0xa ./Core/Src/main.o
                0x0000000008000548                Error_Handler
 *fill*         0x0000000008000552        0x2 
 .text.HAL_MspInit
                0x0000000008000554       0x64 ./Core/Src/stm32f1xx_hal_msp.o
                0x0000000008000554                HAL_MspInit
 .text.HAL_SPI_MspInit
                0x00000000080005b8      0x10c ./Core/Src/stm32f1xx_hal_msp.o
                0x00000000080005b8                HAL_SPI_MspInit
 .text.HAL_UART_MspInit
                0x00000000080006c4       0x98 ./Core/Src/stm32f1xx_hal_msp.o
                0x00000000080006c4                HAL_UART_MspInit
 .text.NMI_Handler
                0x000000000800075c        0x6 ./Core/Src/stm32f1xx_it.o
                0x000000000800075c                NMI_Handler
 .text.HardFault_Handler
                0x0000000008000762        0x6 ./Core/Src/stm32f1xx_it.o
                0x0000000008000762                HardFault_Handler
 .text.MemManage_Handler
                0x0000000008000768        0x6 ./Core/Src/stm32f1xx_it.o
                0x0000000008000768                MemManage_Handler
 .text.BusFault_Handler
                0x000000000800076e        0x6 ./Core/Src/stm32f1xx_it.o
                0x000000000800076e                BusFault_Handler
 .text.UsageFault_Handler
                0x0000000008000774        0x6 ./Core/Src/stm32f1xx_it.o
                0x0000000008000774                UsageFault_Handler
 .text.SVC_Handler
                0x000000000800077a        0xc ./Core/Src/stm32f1xx_it.o
                0x000000000800077a                SVC_Handler
 .text.DebugMon_Handler
                0x0000000008000786        0xc ./Core/Src/stm32f1xx_it.o
                0x0000000008000786                DebugMon_Handler
 .text.PendSV_Handler
                0x0000000008000792        0xc ./Core/Src/stm32f1xx_it.o
                0x0000000008000792                PendSV_Handler
 .text.SysTick_Handler
                0x000000000800079e        0xc ./Core/Src/stm32f1xx_it.o
                0x000000000800079e                SysTick_Handler
 .text.SystemInit
                0x00000000080007aa        0xc ./Core/Src/system_stm32f1xx.o
                0x00000000080007aa                SystemInit
 *fill*         0x00000000080007b6        0x2 
 .text.Reset_Handler
                0x00000000080007b8       0x48 ./Core/Startup/startup_stm32f103c8tx.o
                0x00000000080007b8                Reset_Handler
 .text.Default_Handler
                0x0000000008000800        0x2 ./Core/Startup/startup_stm32f103c8tx.o
                0x0000000008000800                RTC_Alarm_IRQHandler
                0x0000000008000800                EXTI2_IRQHandler
                0x0000000008000800                TIM1_CC_IRQHandler
                0x0000000008000800                PVD_IRQHandler
                0x0000000008000800                EXTI3_IRQHandler
                0x0000000008000800                EXTI0_IRQHandler
                0x0000000008000800                I2C2_EV_IRQHandler
                0x0000000008000800                ADC1_2_IRQHandler
                0x0000000008000800                SPI1_IRQHandler
                0x0000000008000800                TAMPER_IRQHandler
                0x0000000008000800                DMA1_Channel4_IRQHandler
                0x0000000008000800                USART3_IRQHandler
                0x0000000008000800                RTC_IRQHandler
                0x0000000008000800                DMA1_Channel7_IRQHandler
                0x0000000008000800                CAN1_RX1_IRQHandler
                0x0000000008000800                TIM4_IRQHandler
                0x0000000008000800                I2C1_EV_IRQHandler
                0x0000000008000800                DMA1_Channel6_IRQHandler
                0x0000000008000800                TIM3_IRQHandler
                0x0000000008000800                RCC_IRQHandler
                0x0000000008000800                TIM1_TRG_COM_IRQHandler
                0x0000000008000800                DMA1_Channel1_IRQHandler
                0x0000000008000800                Default_Handler
                0x0000000008000800                EXTI15_10_IRQHandler
                0x0000000008000800                EXTI9_5_IRQHandler
                0x0000000008000800                SPI2_IRQHandler
                0x0000000008000800                DMA1_Channel5_IRQHandler
                0x0000000008000800                EXTI4_IRQHandler
                0x0000000008000800                USB_LP_CAN1_RX0_IRQHandler
                0x0000000008000800                USB_HP_CAN1_TX_IRQHandler
                0x0000000008000800                DMA1_Channel3_IRQHandler
                0x0000000008000800                TIM1_UP_IRQHandler
                0x0000000008000800                WWDG_IRQHandler
                0x0000000008000800                TIM2_IRQHandler
                0x0000000008000800                TIM1_BRK_IRQHandler
                0x0000000008000800                EXTI1_IRQHandler
                0x0000000008000800                USART2_IRQHandler
                0x0000000008000800                I2C2_ER_IRQHandler
                0x0000000008000800                DMA1_Channel2_IRQHandler
                0x0000000008000800                CAN1_SCE_IRQHandler
                0x0000000008000800                FLASH_IRQHandler
                0x0000000008000800                USART1_IRQHandler
                0x0000000008000800                I2C1_ER_IRQHandler
                0x0000000008000800                USBWakeUp_IRQHandler
 *fill*         0x0000000008000802        0x2 
 .text.HAL_Init
                0x0000000008000804       0x2c ./Drivers/STM32F1xx_HAL_Driver/Src/stm32f1xx_hal.o
                0x0000000008000804                HAL_Init
 .text.HAL_InitTick
                0x0000000008000830       0x60 ./Drivers/STM32F1xx_HAL_Driver/Src/stm32f1xx_hal.o
                0x0000000008000830                HAL_InitTick
 .text.HAL_IncTick
                0x0000000008000890       0x24 ./Drivers/STM32F1xx_HAL_Driver/Src/stm32f1xx_hal.o
                0x0000000008000890                HAL_IncTick
 .text.HAL_GetTick
                0x00000000080008b4       0x14 ./Drivers/STM32F1xx_HAL_Driver/Src/stm32f1xx_hal.o
                0x00000000080008b4                HAL_GetTick
 .text.HAL_Delay
                0x00000000080008c8       0x48 ./Drivers/STM32F1xx_HAL_Driver/Src/stm32f1xx_hal.o
                0x00000000080008c8                HAL_Delay
 .text.__NVIC_SetPriorityGrouping
                0x0000000008000910       0x48 ./Drivers/STM32F1xx_HAL_Driver/Src/stm32f1xx_hal_cortex.o
 .text.__NVIC_GetPriorityGrouping
                0x0000000008000958       0x1c ./Drivers/STM32F1xx_HAL_Driver/Src/stm32f1xx_hal_cortex.o
 .text.__NVIC_SetPriority
                0x0000000008000974       0x54 ./Drivers/STM32F1xx_HAL_Driver/Src/stm32f1xx_hal_cortex.o
 .text.NVIC_EncodePriority
                0x00000000080009c8       0x64 ./Drivers/STM32F1xx_HAL_Driver/Src/stm32f1xx_hal_cortex.o
 .text.SysTick_Config
                0x0000000008000a2c       0x44 ./Drivers/STM32F1xx_HAL_Driver/Src/stm32f1xx_hal_cortex.o
 .text.HAL_NVIC_SetPriorityGrouping
                0x0000000008000a70       0x16 ./Drivers/STM32F1xx_HAL_Driver/Src/stm32f1xx_hal_cortex.o
                0x0000000008000a70                HAL_NVIC_SetPriorityGrouping
 .text.HAL_NVIC_SetPriority
                0x0000000008000a86       0x38 ./Drivers/STM32F1xx_HAL_Driver/Src/stm32f1xx_hal_cortex.o
                0x0000000008000a86                HAL_NVIC_SetPriority
 .text.HAL_SYSTICK_Config
                0x0000000008000abe       0x18 ./Drivers/STM32F1xx_HAL_Driver/Src/stm32f1xx_hal_cortex.o
                0x0000000008000abe                HAL_SYSTICK_Config
 *fill*         0x0000000008000ad6        0x2 
 .text.HAL_GPIO_Init
                0x0000000008000ad8      0x308 ./Drivers/STM32F1xx_HAL_Driver/Src/stm32f1xx_hal_gpio.o
                0x0000000008000ad8                HAL_GPIO_Init
 .text.HAL_GPIO_WritePin
                0x0000000008000de0       0x30 ./Drivers/STM32F1xx_HAL_Driver/Src/stm32f1xx_hal_gpio.o
                0x0000000008000de0                HAL_GPIO_WritePin
 .text.HAL_RCC_OscConfig
                0x0000000008000e10      0x500 ./Drivers/STM32F1xx_HAL_Driver/Src/stm32f1xx_hal_rcc.o
                0x0000000008000e10                HAL_RCC_OscConfig
 .text.HAL_RCC_ClockConfig
                0x0000000008001310      0x1d4 ./Drivers/STM32F1xx_HAL_Driver/Src/stm32f1xx_hal_rcc.o
                0x0000000008001310                HAL_RCC_ClockConfig
 .text.HAL_RCC_GetSysClockFreq
                0x00000000080014e4       0xc0 ./Drivers/STM32F1xx_HAL_Driver/Src/stm32f1xx_hal_rcc.o
                0x00000000080014e4                HAL_RCC_GetSysClockFreq
 .text.HAL_RCC_GetHCLKFreq
                0x00000000080015a4       0x14 ./Drivers/STM32F1xx_HAL_Driver/Src/stm32f1xx_hal_rcc.o
                0x00000000080015a4                HAL_RCC_GetHCLKFreq
 .text.HAL_RCC_GetPCLK1Freq
                0x00000000080015b8       0x28 ./Drivers/STM32F1xx_HAL_Driver/Src/stm32f1xx_hal_rcc.o
                0x00000000080015b8                HAL_RCC_GetPCLK1Freq
 .text.HAL_RCC_GetPCLK2Freq
                0x00000000080015e0       0x28 ./Drivers/STM32F1xx_HAL_Driver/Src/stm32f1xx_hal_rcc.o
                0x00000000080015e0                HAL_RCC_GetPCLK2Freq
 .text.RCC_Delay
                0x0000000008001608       0x3c ./Drivers/STM32F1xx_HAL_Driver/Src/stm32f1xx_hal_rcc.o
 .text.HAL_SPI_Init
                0x0000000008001644      0x108 ./Drivers/STM32F1xx_HAL_Driver/Src/stm32f1xx_hal_spi.o
                0x0000000008001644                HAL_SPI_Init
 .text.HAL_SPI_Transmit
                0x000000000800174c      0x278 ./Drivers/STM32F1xx_HAL_Driver/Src/stm32f1xx_hal_spi.o
                0x000000000800174c                HAL_SPI_Transmit
 .text.HAL_SPI_Receive
                0x00000000080019c4      0x222 ./Drivers/STM32F1xx_HAL_Driver/Src/stm32f1xx_hal_spi.o
                0x00000000080019c4                HAL_SPI_Receive
 .text.HAL_SPI_TransmitReceive
                0x0000000008001be6      0x344 ./Drivers/STM32F1xx_HAL_Driver/Src/stm32f1xx_hal_spi.o
                0x0000000008001be6                HAL_SPI_TransmitReceive
 *fill*         0x0000000008001f2a        0x2 
 .text.SPI_WaitFlagStateUntilTimeout
                0x0000000008001f2c      0x110 ./Drivers/STM32F1xx_HAL_Driver/Src/stm32f1xx_hal_spi.o
 .text.SPI_EndRxTransaction
                0x000000000800203c       0xa4 ./Drivers/STM32F1xx_HAL_Driver/Src/stm32f1xx_hal_spi.o
 .text.SPI_EndRxTxTransaction
                0x00000000080020e0       0x3c ./Drivers/STM32F1xx_HAL_Driver/Src/stm32f1xx_hal_spi.o
 .text.HAL_UART_Init
                0x000000000800211c       0x9a ./Drivers/STM32F1xx_HAL_Driver/Src/stm32f1xx_hal_uart.o
                0x000000000800211c                HAL_UART_Init
 *fill*         0x00000000080021b6        0x2 
 .text.UART_SetConfig
                0x00000000080021b8      0x11c ./Drivers/STM32F1xx_HAL_Driver/Src/stm32f1xx_hal_uart.o
 .text._nrf24_CS
                0x00000000080022d4       0x4c ./stm32f1/nRF24L01_PL/src/nrf24_lower_api_stm32.o
 .text.nrf24_read_register
                0x0000000008002320       0x5a ./stm32f1/nRF24L01_PL/src/nrf24_lower_api_stm32.o
                0x0000000008002320                nrf24_read_register
 .text.nrf24_write_register
                0x000000000800237a       0x64 ./stm32f1/nRF24L01_PL/src/nrf24_lower_api_stm32.o
                0x000000000800237a                nrf24_write_register
 .text.nrf24_ce_activate
                0x00000000080023de       0x40 ./stm32f1/nRF24L01_PL/src/nrf24_lower_api_stm32.o
                0x00000000080023de                nrf24_ce_activate
 .text.nrf24_setup_rf
                0x000000000800241e       0xc4 ./stm32f1/nRF24L01_PL/src/nrf24_upper_api.o
                0x000000000800241e                nrf24_setup_rf
 .text.nrf24_setup_protocol
                0x00000000080024e2      0x108 ./stm32f1/nRF24L01_PL/src/nrf24_upper_api.o
                0x00000000080024e2                nrf24_setup_protocol
 *fill*         0x00000000080025ea        0x2 
 .text.nrf24_pipe_rx_start
                0x00000000080025ec      0x1c4 ./stm32f1/nRF24L01_PL/src/nrf24_upper_api.o
                0x00000000080025ec                nrf24_pipe_rx_start
 .text.nrf24_mode_power_down
                0x00000000080027b0       0x3c ./stm32f1/nRF24L01_PL/src/nrf24_upper_api.o
                0x00000000080027b0                nrf24_mode_power_down
 .text.nrf24_mode_standby
                0x00000000080027ec       0x44 ./stm32f1/nRF24L01_PL/src/nrf24_upper_api.o
                0x00000000080027ec                nrf24_mode_standby
 .text.nrf24_mode_rx
                0x0000000008002830       0x44 ./stm32f1/nRF24L01_PL/src/nrf24_upper_api.o
                0x0000000008002830                nrf24_mode_rx
 .text.nrf24_fifo_status
                0x0000000008002874       0x80 ./stm32f1/nRF24L01_PL/src/nrf24_upper_api.o
                0x0000000008002874                nrf24_fifo_status
 .text.__libc_init_array
                0x00000000080028f4       0x48 c:/st/stm32cubeide_1.8.0/stm32cubeide/plugins/com.st.stm32cube.ide.mcu.externaltools.gnu-tools-for-stm32.9-2020-q2-update.win32_2.0.0.202105311346/tools/bin/../lib/gcc/arm-none-eabi/9.3.1/../../../../arm-none-eabi/lib/thumb/v7-m/nofp\libc_nano.a(lib_a-init.o)
                0x00000000080028f4                __libc_init_array
 .text.memset   0x000000000800293c       0x10 c:/st/stm32cubeide_1.8.0/stm32cubeide/plugins/com.st.stm32cube.ide.mcu.externaltools.gnu-tools-for-stm32.9-2020-q2-update.win32_2.0.0.202105311346/tools/bin/../lib/gcc/arm-none-eabi/9.3.1/../../../../arm-none-eabi/lib/thumb/v7-m/nofp\libc_nano.a(lib_a-memset.o)
                0x000000000800293c                memset
 *(.glue_7)
 .glue_7        0x000000000800294c        0x0 linker stubs
 *(.glue_7t)
 .glue_7t       0x000000000800294c        0x0 linker stubs
 *(.eh_frame)
 .eh_frame      0x000000000800294c        0x0 c:/st/stm32cubeide_1.8.0/stm32cubeide/plugins/com.st.stm32cube.ide.mcu.externaltools.gnu-tools-for-stm32.9-2020-q2-update.win32_2.0.0.202105311346/tools/bin/../lib/gcc/arm-none-eabi/9.3.1/thumb/v7-m/nofp/crtbegin.o
 *(.init)
 .init          0x000000000800294c        0x4 c:/st/stm32cubeide_1.8.0/stm32cubeide/plugins/com.st.stm32cube.ide.mcu.externaltools.gnu-tools-for-stm32.9-2020-q2-update.win32_2.0.0.202105311346/tools/bin/../lib/gcc/arm-none-eabi/9.3.1/thumb/v7-m/nofp/crti.o
                0x000000000800294c                _init
 .init          0x0000000008002950        0x8 c:/st/stm32cubeide_1.8.0/stm32cubeide/plugins/com.st.stm32cube.ide.mcu.externaltools.gnu-tools-for-stm32.9-2020-q2-update.win32_2.0.0.202105311346/tools/bin/../lib/gcc/arm-none-eabi/9.3.1/thumb/v7-m/nofp/crtn.o
 *(.fini)
 .fini          0x0000000008002958        0x4 c:/st/stm32cubeide_1.8.0/stm32cubeide/plugins/com.st.stm32cube.ide.mcu.externaltools.gnu-tools-for-stm32.9-2020-q2-update.win32_2.0.0.202105311346/tools/bin/../lib/gcc/arm-none-eabi/9.3.1/thumb/v7-m/nofp/crti.o
                0x0000000008002958                _fini
 .fini          0x000000000800295c        0x8 c:/st/stm32cubeide_1.8.0/stm32cubeide/plugins/com.st.stm32cube.ide.mcu.externaltools.gnu-tools-for-stm32.9-2020-q2-update.win32_2.0.0.202105311346/tools/bin/../lib/gcc/arm-none-eabi/9.3.1/thumb/v7-m/nofp/crtn.o
                0x0000000008002964                . = ALIGN (0x4)
                0x0000000008002964                _etext = .

.vfp11_veneer   0x0000000008002964        0x0
 .vfp11_veneer  0x0000000008002964        0x0 linker stubs

.v4_bx          0x0000000008002964        0x0
 .v4_bx         0x0000000008002964        0x0 linker stubs

.iplt           0x0000000008002964        0x0
 .iplt          0x0000000008002964        0x0 c:/st/stm32cubeide_1.8.0/stm32cubeide/plugins/com.st.stm32cube.ide.mcu.externaltools.gnu-tools-for-stm32.9-2020-q2-update.win32_2.0.0.202105311346/tools/bin/../lib/gcc/arm-none-eabi/9.3.1/thumb/v7-m/nofp/crtbegin.o

.rodata         0x0000000008002964       0x28
                0x0000000008002964                . = ALIGN (0x4)
 *(.rodata)
 .rodata        0x0000000008002964       0x10 ./Drivers/STM32F1xx_HAL_Driver/Src/stm32f1xx_hal_rcc.o
 *(.rodata*)
 .rodata.AHBPrescTable
                0x0000000008002974       0x10 ./Core/Src/system_stm32f1xx.o
                0x0000000008002974                AHBPrescTable
 .rodata.APBPrescTable
                0x0000000008002984        0x8 ./Core/Src/system_stm32f1xx.o
                0x0000000008002984                APBPrescTable
                0x000000000800298c                . = ALIGN (0x4)

.rel.dyn        0x000000000800298c        0x0
 .rel.iplt      0x000000000800298c        0x0 c:/st/stm32cubeide_1.8.0/stm32cubeide/plugins/com.st.stm32cube.ide.mcu.externaltools.gnu-tools-for-stm32.9-2020-q2-update.win32_2.0.0.202105311346/tools/bin/../lib/gcc/arm-none-eabi/9.3.1/thumb/v7-m/nofp/crtbegin.o

.ARM.extab      0x000000000800298c        0x0
                0x000000000800298c                . = ALIGN (0x4)
 *(.ARM.extab* .gnu.linkonce.armextab.*)
                0x000000000800298c                . = ALIGN (0x4)

.ARM            0x000000000800298c        0x0
                0x000000000800298c                . = ALIGN (0x4)
                0x000000000800298c                __exidx_start = .
 *(.ARM.exidx*)
                0x000000000800298c                __exidx_end = .
                0x000000000800298c                . = ALIGN (0x4)

.preinit_array  0x000000000800298c        0x0
                0x000000000800298c                . = ALIGN (0x4)
                0x000000000800298c                PROVIDE (__preinit_array_start = .)
 *(.preinit_array*)
                0x000000000800298c                PROVIDE (__preinit_array_end = .)
                0x000000000800298c                . = ALIGN (0x4)

.init_array     0x000000000800298c        0x4
                0x000000000800298c                . = ALIGN (0x4)
                0x000000000800298c                PROVIDE (__init_array_start = .)
 *(SORT_BY_NAME(.init_array.*))
 *(.init_array*)
 .init_array    0x000000000800298c        0x4 c:/st/stm32cubeide_1.8.0/stm32cubeide/plugins/com.st.stm32cube.ide.mcu.externaltools.gnu-tools-for-stm32.9-2020-q2-update.win32_2.0.0.202105311346/tools/bin/../lib/gcc/arm-none-eabi/9.3.1/thumb/v7-m/nofp/crtbegin.o
                0x0000000008002990                PROVIDE (__init_array_end = .)
                0x0000000008002990                . = ALIGN (0x4)

.fini_array     0x0000000008002990        0x4
                0x0000000008002990                . = ALIGN (0x4)
                [!provide]                        PROVIDE (__fini_array_start = .)
 *(SORT_BY_NAME(.fini_array.*))
 *(.fini_array*)
 .fini_array    0x0000000008002990        0x4 c:/st/stm32cubeide_1.8.0/stm32cubeide/plugins/com.st.stm32cube.ide.mcu.externaltools.gnu-tools-for-stm32.9-2020-q2-update.win32_2.0.0.202105311346/tools/bin/../lib/gcc/arm-none-eabi/9.3.1/thumb/v7-m/nofp/crtbegin.o
                [!provide]                        PROVIDE (__fini_array_end = .)
                0x0000000008002994                . = ALIGN (0x4)
                0x0000000008002994                _sidata = LOADADDR (.data)

.data           0x0000000020000000        0xc load address 0x0000000008002994
                0x0000000020000000                . = ALIGN (0x4)
                0x0000000020000000                _sdata = .
 *(.data)
 *(.data*)
 .data.SystemCoreClock
                0x0000000020000000        0x4 ./Core/Src/system_stm32f1xx.o
                0x0000000020000000                SystemCoreClock
 .data.uwTickPrio
                0x0000000020000004        0x4 ./Drivers/STM32F1xx_HAL_Driver/Src/stm32f1xx_hal.o
                0x0000000020000004                uwTickPrio
 .data.uwTickFreq
                0x0000000020000008        0x1 ./Drivers/STM32F1xx_HAL_Driver/Src/stm32f1xx_hal.o
                0x0000000020000008                uwTickFreq
 *(.RamFunc)
 *(.RamFunc*)
                0x000000002000000c                . = ALIGN (0x4)
 *fill*         0x0000000020000009        0x3 
                0x000000002000000c                _edata = .

.igot.plt       0x000000002000000c        0x0 load address 0x00000000080029a0
 .igot.plt      0x000000002000000c        0x0 c:/st/stm32cubeide_1.8.0/stm32cubeide/plugins/com.st.stm32cube.ide.mcu.externaltools.gnu-tools-for-stm32.9-2020-q2-update.win32_2.0.0.202105311346/tools/bin/../lib/gcc/arm-none-eabi/9.3.1/thumb/v7-m/nofp/crtbegin.o
                0x000000002000000c                . = ALIGN (0x4)

.bss            0x000000002000000c      0x114 load address 0x00000000080029a0
                0x000000002000000c                _sbss = .
                0x000000002000000c                __bss_start__ = _sbss
 *(.bss)
 .bss           0x000000002000000c       0x1c c:/st/stm32cubeide_1.8.0/stm32cubeide/plugins/com.st.stm32cube.ide.mcu.externaltools.gnu-tools-for-stm32.9-2020-q2-update.win32_2.0.0.202105311346/tools/bin/../lib/gcc/arm-none-eabi/9.3.1/thumb/v7-m/nofp/crtbegin.o
 *(.bss*)
 *(COMMON)
 COMMON         0x0000000020000028       0xf4 ./Core/Src/main.o
                0x0000000020000028                hspi2
                0x0000000020000080                huart3
                0x00000000200000c4                hspi1
 COMMON         0x000000002000011c        0x4 ./Drivers/STM32F1xx_HAL_Driver/Src/stm32f1xx_hal.o
                0x000000002000011c                uwTick
                0x0000000020000120                . = ALIGN (0x4)
                0x0000000020000120                _ebss = .
                0x0000000020000120                __bss_end__ = _ebss

._user_heap_stack
                0x0000000020000120      0x600 load address 0x00000000080029a0
                0x0000000020000120                . = ALIGN (0x8)
                [!provide]                        PROVIDE (end = .)
                0x0000000020000120                PROVIDE (_end = .)
                0x0000000020000320                . = (. + _Min_Heap_Size)
 *fill*         0x0000000020000120      0x200 
                0x0000000020000720                . = (. + _Min_Stack_Size)
 *fill*         0x0000000020000320      0x400 
                0x0000000020000720                . = ALIGN (0x8)

/DISCARD/
 libc.a(*)
 libm.a(*)
 libgcc.a(*)

.ARM.attributes
                0x0000000000000000       0x29
 *(.ARM.attributes)
 .ARM.attributes
                0x0000000000000000       0x1d c:/st/stm32cubeide_1.8.0/stm32cubeide/plugins/com.st.stm32cube.ide.mcu.externaltools.gnu-tools-for-stm32.9-2020-q2-update.win32_2.0.0.202105311346/tools/bin/../lib/gcc/arm-none-eabi/9.3.1/thumb/v7-m/nofp/crti.o
 .ARM.attributes
                0x000000000000001d       0x2d c:/st/stm32cubeide_1.8.0/stm32cubeide/plugins/com.st.stm32cube.ide.mcu.externaltools.gnu-tools-for-stm32.9-2020-q2-update.win32_2.0.0.202105311346/tools/bin/../lib/gcc/arm-none-eabi/9.3.1/thumb/v7-m/nofp/crtbegin.o
 .ARM.attributes
                0x000000000000004a       0x2d ./Application/app_main.o
 .ARM.attributes
                0x0000000000000077       0x2d ./Core/Src/main.o
 .ARM.attributes
                0x00000000000000a4       0x2d ./Core/Src/stm32f1xx_hal_msp.o
 .ARM.attributes
                0x00000000000000d1       0x2d ./Core/Src/stm32f1xx_it.o
 .ARM.attributes
                0x00000000000000fe       0x2d ./Core/Src/system_stm32f1xx.o
 .ARM.attributes
                0x000000000000012b       0x21 ./Core/Startup/startup_stm32f103c8tx.o
 .ARM.attributes
                0x000000000000014c       0x2d ./Drivers/STM32F1xx_HAL_Driver/Src/stm32f1xx_hal.o
 .ARM.attributes
                0x0000000000000179       0x2d ./Drivers/STM32F1xx_HAL_Driver/Src/stm32f1xx_hal_cortex.o
 .ARM.attributes
                0x00000000000001a6       0x2d ./Drivers/STM32F1xx_HAL_Driver/Src/stm32f1xx_hal_gpio.o
 .ARM.attributes
                0x00000000000001d3       0x2d ./Drivers/STM32F1xx_HAL_Driver/Src/stm32f1xx_hal_rcc.o
 .ARM.attributes
                0x0000000000000200       0x2d ./Drivers/STM32F1xx_HAL_Driver/Src/stm32f1xx_hal_spi.o
 .ARM.attributes
                0x000000000000022d       0x2d ./Drivers/STM32F1xx_HAL_Driver/Src/stm32f1xx_hal_uart.o
 .ARM.attributes
                0x000000000000025a       0x2d ./stm32f1/nRF24L01_PL/src/nrf24_lower_api_stm32.o
 .ARM.attributes
                0x0000000000000287       0x2d ./stm32f1/nRF24L01_PL/src/nrf24_upper_api.o
 .ARM.attributes
                0x00000000000002b4       0x2d c:/st/stm32cubeide_1.8.0/stm32cubeide/plugins/com.st.stm32cube.ide.mcu.externaltools.gnu-tools-for-stm32.9-2020-q2-update.win32_2.0.0.202105311346/tools/bin/../lib/gcc/arm-none-eabi/9.3.1/../../../../arm-none-eabi/lib/thumb/v7-m/nofp\libc_nano.a(lib_a-init.o)
 .ARM.attributes
                0x00000000000002e1       0x2d c:/st/stm32cubeide_1.8.0/stm32cubeide/plugins/com.st.stm32cube.ide.mcu.externaltools.gnu-tools-for-stm32.9-2020-q2-update.win32_2.0.0.202105311346/tools/bin/../lib/gcc/arm-none-eabi/9.3.1/../../../../arm-none-eabi/lib/thumb/v7-m/nofp\libc_nano.a(lib_a-memset.o)
 .ARM.attributes
                0x000000000000030e       0x1d c:/st/stm32cubeide_1.8.0/stm32cubeide/plugins/com.st.stm32cube.ide.mcu.externaltools.gnu-tools-for-stm32.9-2020-q2-update.win32_2.0.0.202105311346/tools/bin/../lib/gcc/arm-none-eabi/9.3.1/thumb/v7-m/nofp/crtn.o
OUTPUT(interceptor.elf elf32-littlearm)
LOAD linker stubs
LOAD c:/st/stm32cubeide_1.8.0/stm32cubeide/plugins/com.st.stm32cube.ide.mcu.externaltools.gnu-tools-for-stm32.9-2020-q2-update.win32_2.0.0.202105311346/tools/bin/../lib/gcc/arm-none-eabi/9.3.1/../../../../arm-none-eabi/lib/thumb/v7-m/nofp\libc.a
LOAD c:/st/stm32cubeide_1.8.0/stm32cubeide/plugins/com.st.stm32cube.ide.mcu.externaltools.gnu-tools-for-stm32.9-2020-q2-update.win32_2.0.0.202105311346/tools/bin/../lib/gcc/arm-none-eabi/9.3.1/../../../../arm-none-eabi/lib/thumb/v7-m/nofp\libm.a
LOAD c:/st/stm32cubeide_1.8.0/stm32cubeide/plugins/com.st.stm32cube.ide.mcu.externaltools.gnu-tools-for-stm32.9-2020-q2-update.win32_2.0.0.202105311346/tools/bin/../lib/gcc/arm-none-eabi/9.3.1/thumb/v7-m/nofp\libgcc.a

.debug_info     0x0000000000000000     0x94d2
 .debug_info    0x0000000000000000      0x9d1 ./Application/app_main.o
 .debug_info    0x00000000000009d1      0xcb8 ./Core/Src/main.o
 .debug_info    0x0000000000001689      0xc1d ./Core/Src/stm32f1xx_hal_msp.o
 .debug_info    0x00000000000022a6      0x222 ./Core/Src/stm32f1xx_it.o
 .debug_info    0x00000000000024c8      0x2be ./Core/Src/system_stm32f1xx.o
 .debug_info    0x0000000000002786       0x22 ./Core/Startup/startup_stm32f103c8tx.o
 .debug_info    0x00000000000027a8      0x76a ./Drivers/STM32F1xx_HAL_Driver/Src/stm32f1xx_hal.o
 .debug_info    0x0000000000002f12      0xbdc ./Drivers/STM32F1xx_HAL_Driver/Src/stm32f1xx_hal_cortex.o
 .debug_info    0x0000000000003aee      0x701 ./Drivers/STM32F1xx_HAL_Driver/Src/stm32f1xx_hal_gpio.o
 .debug_info    0x00000000000041ef      0x88e ./Drivers/STM32F1xx_HAL_Driver/Src/stm32f1xx_hal_rcc.o
 .debug_info    0x0000000000004a7d     0x16bf ./Drivers/STM32F1xx_HAL_Driver/Src/stm32f1xx_hal_spi.o
 .debug_info    0x000000000000613c     0x161a ./Drivers/STM32F1xx_HAL_Driver/Src/stm32f1xx_hal_uart.o
 .debug_info    0x0000000000007756     0x141c ./stm32f1/nRF24L01_PL/src/nrf24_lower_api_stm32.o
 .debug_info    0x0000000000008b72      0x960 ./stm32f1/nRF24L01_PL/src/nrf24_upper_api.o

.debug_abbrev   0x0000000000000000     0x194a
 .debug_abbrev  0x0000000000000000      0x180 ./Application/app_main.o
 .debug_abbrev  0x0000000000000180      0x231 ./Core/Src/main.o
 .debug_abbrev  0x00000000000003b1      0x1ac ./Core/Src/stm32f1xx_hal_msp.o
 .debug_abbrev  0x000000000000055d       0xd2 ./Core/Src/stm32f1xx_it.o
 .debug_abbrev  0x000000000000062f      0x14e ./Core/Src/system_stm32f1xx.o
 .debug_abbrev  0x000000000000077d       0x12 ./Core/Startup/startup_stm32f103c8tx.o
 .debug_abbrev  0x000000000000078f      0x1ed ./Drivers/STM32F1xx_HAL_Driver/Src/stm32f1xx_hal.o
 .debug_abbrev  0x000000000000097c      0x313 ./Drivers/STM32F1xx_HAL_Driver/Src/stm32f1xx_hal_cortex.o
 .debug_abbrev  0x0000000000000c8f      0x1e8 ./Drivers/STM32F1xx_HAL_Driver/Src/stm32f1xx_hal_gpio.o
 .debug_abbrev  0x0000000000000e77      0x273 ./Drivers/STM32F1xx_HAL_Driver/Src/stm32f1xx_hal_rcc.o
 .debug_abbrev  0x00000000000010ea      0x26e ./Drivers/STM32F1xx_HAL_Driver/Src/stm32f1xx_hal_spi.o
 .debug_abbrev  0x0000000000001358      0x28b ./Drivers/STM32F1xx_HAL_Driver/Src/stm32f1xx_hal_uart.o
 .debug_abbrev  0x00000000000015e3      0x202 ./stm32f1/nRF24L01_PL/src/nrf24_lower_api_stm32.o
 .debug_abbrev  0x00000000000017e5      0x165 ./stm32f1/nRF24L01_PL/src/nrf24_upper_api.o

.debug_aranges  0x0000000000000000      0x918
 .debug_aranges
                0x0000000000000000       0x20 ./Application/app_main.o
 .debug_aranges
                0x0000000000000020       0x50 ./Core/Src/main.o
 .debug_aranges
                0x0000000000000070       0x40 ./Core/Src/stm32f1xx_hal_msp.o
 .debug_aranges
                0x00000000000000b0       0x60 ./Core/Src/stm32f1xx_it.o
 .debug_aranges
                0x0000000000000110       0x28 ./Core/Src/system_stm32f1xx.o
 .debug_aranges
                0x0000000000000138       0x28 ./Core/Startup/startup_stm32f103c8tx.o
 .debug_aranges
                0x0000000000000160       0xe0 ./Drivers/STM32F1xx_HAL_Driver/Src/stm32f1xx_hal.o
 .debug_aranges
                0x0000000000000240      0x100 ./Drivers/STM32F1xx_HAL_Driver/Src/stm32f1xx_hal_cortex.o
 .debug_aranges
                0x0000000000000340       0x58 ./Drivers/STM32F1xx_HAL_Driver/Src/stm32f1xx_hal_gpio.o
 .debug_aranges
                0x0000000000000398       0x90 ./Drivers/STM32F1xx_HAL_Driver/Src/stm32f1xx_hal_rcc.o
 .debug_aranges
                0x0000000000000428      0x1d0 ./Drivers/STM32F1xx_HAL_Driver/Src/stm32f1xx_hal_spi.o
 .debug_aranges
                0x00000000000005f8      0x200 ./Drivers/STM32F1xx_HAL_Driver/Src/stm32f1xx_hal_uart.o
 .debug_aranges
                0x00000000000007f8       0x78 ./stm32f1/nRF24L01_PL/src/nrf24_lower_api_stm32.o
 .debug_aranges
                0x0000000000000870       0xa8 ./stm32f1/nRF24L01_PL/src/nrf24_upper_api.o

.debug_ranges   0x0000000000000000      0x870
 .debug_ranges  0x0000000000000000       0x10 ./Application/app_main.o
 .debug_ranges  0x0000000000000010       0x40 ./Core/Src/main.o
 .debug_ranges  0x0000000000000050       0x30 ./Core/Src/stm32f1xx_hal_msp.o
 .debug_ranges  0x0000000000000080       0x50 ./Core/Src/stm32f1xx_it.o
 .debug_ranges  0x00000000000000d0       0x18 ./Core/Src/system_stm32f1xx.o
 .debug_ranges  0x00000000000000e8       0x20 ./Core/Startup/startup_stm32f103c8tx.o
 .debug_ranges  0x0000000000000108       0xd0 ./Drivers/STM32F1xx_HAL_Driver/Src/stm32f1xx_hal.o
 .debug_ranges  0x00000000000001d8       0xf0 ./Drivers/STM32F1xx_HAL_Driver/Src/stm32f1xx_hal_cortex.o
 .debug_ranges  0x00000000000002c8       0x48 ./Drivers/STM32F1xx_HAL_Driver/Src/stm32f1xx_hal_gpio.o
 .debug_ranges  0x0000000000000310       0x80 ./Drivers/STM32F1xx_HAL_Driver/Src/stm32f1xx_hal_rcc.o
 .debug_ranges  0x0000000000000390      0x1c0 ./Drivers/STM32F1xx_HAL_Driver/Src/stm32f1xx_hal_spi.o
 .debug_ranges  0x0000000000000550      0x220 ./Drivers/STM32F1xx_HAL_Driver/Src/stm32f1xx_hal_uart.o
 .debug_ranges  0x0000000000000770       0x68 ./stm32f1/nRF24L01_PL/src/nrf24_lower_api_stm32.o
 .debug_ranges  0x00000000000007d8       0x98 ./stm32f1/nRF24L01_PL/src/nrf24_upper_api.o

.debug_macro    0x0000000000000000    0x16e46
 .debug_macro   0x0000000000000000      0x1b9 ./Application/app_main.o
 .debug_macro   0x00000000000001b9      0xa9c ./Application/app_main.o
 .debug_macro   0x0000000000000c55      0x21b ./Application/app_main.o
 .debug_macro   0x0000000000000e70       0x2e ./Application/app_main.o
 .debug_macro   0x0000000000000e9e       0x22 ./Application/app_main.o
 .debug_macro   0x0000000000000ec0       0x22 ./Application/app_main.o
 .debug_macro   0x0000000000000ee2       0x8e ./Application/app_main.o
 .debug_macro   0x0000000000000f70       0x51 ./Application/app_main.o
 .debug_macro   0x0000000000000fc1      0x103 ./Application/app_main.o
 .debug_macro   0x00000000000010c4       0x6a ./Application/app_main.o
 .debug_macro   0x000000000000112e      0x1df ./Application/app_main.o
 .debug_macro   0x000000000000130d       0x1c ./Application/app_main.o
 .debug_macro   0x0000000000001329       0x22 ./Application/app_main.o
 .debug_macro   0x000000000000134b       0xc3 ./Application/app_main.o
 .debug_macro   0x000000000000140e      0xd23 ./Application/app_main.o
 .debug_macro   0x0000000000002131     0xe09e ./Application/app_main.o
 .debug_macro   0x00000000000101cf       0x6d ./Application/app_main.o
 .debug_macro   0x000000000001023c     0x3468 ./Application/app_main.o
 .debug_macro   0x00000000000136a4      0x174 ./Application/app_main.o
 .debug_macro   0x0000000000013818       0x5c ./Application/app_main.o
 .debug_macro   0x0000000000013874      0x5be ./Application/app_main.o
 .debug_macro   0x0000000000013e32      0x289 ./Application/app_main.o
 .debug_macro   0x00000000000140bb      0x1cb ./Application/app_main.o
 .debug_macro   0x0000000000014286      0x114 ./Application/app_main.o
 .debug_macro   0x000000000001439a      0x1b2 ./Application/app_main.o
 .debug_macro   0x000000000001454c       0x27 ./Application/app_main.o
 .debug_macro   0x0000000000014573      0x136 ./Application/app_main.o
 .debug_macro   0x00000000000146a9      0x1bc ./Application/app_main.o
 .debug_macro   0x0000000000014865       0x34 ./Application/app_main.o
 .debug_macro   0x0000000000014899       0x3c ./Application/app_main.o
 .debug_macro   0x00000000000148d5       0x57 ./Application/app_main.o
 .debug_macro   0x000000000001492c       0x88 ./Application/app_main.o
 .debug_macro   0x00000000000149b4      0x241 ./Application/app_main.o
 .debug_macro   0x0000000000014bf5      0x141 ./Application/app_main.o
 .debug_macro   0x0000000000014d36      0x217 ./Application/app_main.o
 .debug_macro   0x0000000000014f4d      0x279 ./Application/app_main.o
 .debug_macro   0x00000000000151c6       0x83 ./Application/app_main.o
 .debug_macro   0x0000000000015249       0x22 ./Application/app_main.o
 .debug_macro   0x000000000001526b      0x1a7 ./Core/Src/main.o
 .debug_macro   0x0000000000015412       0x58 ./Core/Src/main.o
 .debug_macro   0x000000000001546a      0x1a7 ./Core/Src/stm32f1xx_hal_msp.o
 .debug_macro   0x0000000000015611      0x1b1 ./Core/Src/stm32f1xx_it.o
 .debug_macro   0x00000000000157c2      0x198 ./Core/Src/system_stm32f1xx.o
 .debug_macro   0x000000000001595a      0x1bc ./Drivers/STM32F1xx_HAL_Driver/Src/stm32f1xx_hal.o
 .debug_macro   0x0000000000015b16      0x198 ./Drivers/STM32F1xx_HAL_Driver/Src/stm32f1xx_hal_cortex.o
 .debug_macro   0x0000000000015cae      0x203 ./Drivers/STM32F1xx_HAL_Driver/Src/stm32f1xx_hal_gpio.o
 .debug_macro   0x0000000000015eb1      0x1aa ./Drivers/STM32F1xx_HAL_Driver/Src/stm32f1xx_hal_rcc.o
 .debug_macro   0x000000000001605b      0x1a0 ./Drivers/STM32F1xx_HAL_Driver/Src/stm32f1xx_hal_spi.o
 .debug_macro   0x00000000000161fb      0x199 ./Drivers/STM32F1xx_HAL_Driver/Src/stm32f1xx_hal_uart.o
 .debug_macro   0x0000000000016394      0x359 ./stm32f1/nRF24L01_PL/src/nrf24_lower_api_stm32.o
 .debug_macro   0x00000000000166ed       0x52 ./stm32f1/nRF24L01_PL/src/nrf24_lower_api_stm32.o
 .debug_macro   0x000000000001673f       0x16 ./stm32f1/nRF24L01_PL/src/nrf24_lower_api_stm32.o
 .debug_macro   0x0000000000016755      0x333 ./stm32f1/nRF24L01_PL/src/nrf24_lower_api_stm32.o
 .debug_macro   0x0000000000016a88       0x16 ./stm32f1/nRF24L01_PL/src/nrf24_lower_api_stm32.o
 .debug_macro   0x0000000000016a9e       0x20 ./stm32f1/nRF24L01_PL/src/nrf24_lower_api_stm32.o
 .debug_macro   0x0000000000016abe      0x1b4 ./stm32f1/nRF24L01_PL/src/nrf24_lower_api_stm32.o
 .debug_macro   0x0000000000016c72      0x1d4 ./stm32f1/nRF24L01_PL/src/nrf24_upper_api.o

.debug_line     0x0000000000000000     0x9b25
 .debug_line    0x0000000000000000      0x700 ./Application/app_main.o
 .debug_line    0x0000000000000700      0x7f4 ./Core/Src/main.o
 .debug_line    0x0000000000000ef4      0x741 ./Core/Src/stm32f1xx_hal_msp.o
 .debug_line    0x0000000000001635      0x725 ./Core/Src/stm32f1xx_it.o
 .debug_line    0x0000000000001d5a      0x6e1 ./Core/Src/system_stm32f1xx.o
 .debug_line    0x000000000000243b       0x87 ./Core/Startup/startup_stm32f103c8tx.o
 .debug_line    0x00000000000024c2      0x90e ./Drivers/STM32F1xx_HAL_Driver/Src/stm32f1xx_hal.o
 .debug_line    0x0000000000002dd0      0xaf6 ./Drivers/STM32F1xx_HAL_Driver/Src/stm32f1xx_hal_cortex.o
 .debug_line    0x00000000000038c6      0x9a5 ./Drivers/STM32F1xx_HAL_Driver/Src/stm32f1xx_hal_gpio.o
 .debug_line    0x000000000000426b      0xd1c ./Drivers/STM32F1xx_HAL_Driver/Src/stm32f1xx_hal_rcc.o
 .debug_line    0x0000000000004f87     0x1b93 ./Drivers/STM32F1xx_HAL_Driver/Src/stm32f1xx_hal_spi.o
 .debug_line    0x0000000000006b1a     0x19e9 ./Drivers/STM32F1xx_HAL_Driver/Src/stm32f1xx_hal_uart.o
 .debug_line    0x0000000000008503      0xb10 ./stm32f1/nRF24L01_PL/src/nrf24_lower_api_stm32.o
 .debug_line    0x0000000000009013      0xb12 ./stm32f1/nRF24L01_PL/src/nrf24_upper_api.o

.debug_str      0x0000000000000000    0x84d64
 .debug_str     0x0000000000000000    0x7e01b ./Application/app_main.o
                                      0x7e3d4 (size before relaxing)
 .debug_str     0x000000000007e01b      0x51f ./Core/Src/main.o
                                      0x7e4e7 (size before relaxing)
 .debug_str     0x000000000007e53a       0xa6 ./Core/Src/stm32f1xx_hal_msp.o
                                      0x7e3ab (size before relaxing)
 .debug_str     0x000000000007e5e0       0xbd ./Core/Src/stm32f1xx_it.o
                                      0x7ddf0 (size before relaxing)
 .debug_str     0x000000000007e69d       0x52 ./Core/Src/system_stm32f1xx.o
                                      0x7dc64 (size before relaxing)
 .debug_str     0x000000000007e6ef       0x36 ./Core/Startup/startup_stm32f103c8tx.o
                                         0x82 (size before relaxing)
 .debug_str     0x000000000007e725      0x55e ./Drivers/STM32F1xx_HAL_Driver/Src/stm32f1xx_hal.o
                                      0x7e2f5 (size before relaxing)
 .debug_str     0x000000000007ec83      0x300 ./Drivers/STM32F1xx_HAL_Driver/Src/stm32f1xx_hal_cortex.o
                                      0x7e2fd (size before relaxing)
 .debug_str     0x000000000007ef83      0x324 ./Drivers/STM32F1xx_HAL_Driver/Src/stm32f1xx_hal_gpio.o
                                      0x7e028 (size before relaxing)
 .debug_str     0x000000000007f2a7      0x24f ./Drivers/STM32F1xx_HAL_Driver/Src/stm32f1xx_hal_rcc.o
                                      0x7e061 (size before relaxing)
 .debug_str     0x000000000007f4f6      0x54e ./Drivers/STM32F1xx_HAL_Driver/Src/stm32f1xx_hal_spi.o
                                      0x7e570 (size before relaxing)
 .debug_str     0x000000000007fa44      0x5e4 ./Drivers/STM32F1xx_HAL_Driver/Src/stm32f1xx_hal_uart.o
                                      0x7e653 (size before relaxing)
 .debug_str     0x0000000000080028     0x4ac9 ./stm32f1/nRF24L01_PL/src/nrf24_lower_api_stm32.o
                                      0x82c04 (size before relaxing)
 .debug_str     0x0000000000084af1      0x273 ./stm32f1/nRF24L01_PL/src/nrf24_upper_api.o
                                      0x7ea6a (size before relaxing)

.comment        0x0000000000000000       0x53
 .comment       0x0000000000000000       0x53 ./Application/app_main.o
                                         0x54 (size before relaxing)
 .comment       0x0000000000000053       0x54 ./Core/Src/main.o
 .comment       0x0000000000000053       0x54 ./Core/Src/stm32f1xx_hal_msp.o
 .comment       0x0000000000000053       0x54 ./Core/Src/stm32f1xx_it.o
 .comment       0x0000000000000053       0x54 ./Core/Src/system_stm32f1xx.o
 .comment       0x0000000000000053       0x54 ./Drivers/STM32F1xx_HAL_Driver/Src/stm32f1xx_hal.o
 .comment       0x0000000000000053       0x54 ./Drivers/STM32F1xx_HAL_Driver/Src/stm32f1xx_hal_cortex.o
 .comment       0x0000000000000053       0x54 ./Drivers/STM32F1xx_HAL_Driver/Src/stm32f1xx_hal_gpio.o
 .comment       0x0000000000000053       0x54 ./Drivers/STM32F1xx_HAL_Driver/Src/stm32f1xx_hal_rcc.o
 .comment       0x0000000000000053       0x54 ./Drivers/STM32F1xx_HAL_Driver/Src/stm32f1xx_hal_spi.o
 .comment       0x0000000000000053       0x54 ./Drivers/STM32F1xx_HAL_Driver/Src/stm32f1xx_hal_uart.o
 .comment       0x0000000000000053       0x54 ./stm32f1/nRF24L01_PL/src/nrf24_lower_api_stm32.o
 .comment       0x0000000000000053       0x54 ./stm32f1/nRF24L01_PL/src/nrf24_upper_api.o

.debug_frame    0x0000000000000000     0x23d4
 .debug_frame   0x0000000000000000       0x30 ./Application/app_main.o
 .debug_frame   0x0000000000000030       0xe0 ./Core/Src/main.o
 .debug_frame   0x0000000000000110       0xc8 ./Core/Src/stm32f1xx_hal_msp.o
 .debug_frame   0x00000000000001d8      0x104 ./Core/Src/stm32f1xx_it.o
 .debug_frame   0x00000000000002dc       0x58 ./Core/Src/system_stm32f1xx.o
 .debug_frame   0x0000000000000334      0x334 ./Drivers/STM32F1xx_HAL_Driver/Src/stm32f1xx_hal.o
 .debug_frame   0x0000000000000668      0x428 ./Drivers/STM32F1xx_HAL_Driver/Src/stm32f1xx_hal_cortex.o
 .debug_frame   0x0000000000000a90      0x14c ./Drivers/STM32F1xx_HAL_Driver/Src/stm32f1xx_hal_gpio.o
 .debug_frame   0x0000000000000bdc      0x21c ./Drivers/STM32F1xx_HAL_Driver/Src/stm32f1xx_hal_rcc.o
 .debug_frame   0x0000000000000df8      0x824 ./Drivers/STM32F1xx_HAL_Driver/Src/stm32f1xx_hal_spi.o
 .debug_frame   0x000000000000161c      0x914 ./Drivers/STM32F1xx_HAL_Driver/Src/stm32f1xx_hal_uart.o
 .debug_frame   0x0000000000001f30      0x1c0 ./stm32f1/nRF24L01_PL/src/nrf24_lower_api_stm32.o
 .debug_frame   0x00000000000020f0      0x298 ./stm32f1/nRF24L01_PL/src/nrf24_upper_api.o
 .debug_frame   0x0000000000002388       0x2c c:/st/stm32cubeide_1.8.0/stm32cubeide/plugins/com.st.stm32cube.ide.mcu.externaltools.gnu-tools-for-stm32.9-2020-q2-update.win32_2.0.0.202105311346/tools/bin/../lib/gcc/arm-none-eabi/9.3.1/../../../../arm-none-eabi/lib/thumb/v7-m/nofp\libc_nano.a(lib_a-init.o)
 .debug_frame   0x00000000000023b4       0x20 c:/st/stm32cubeide_1.8.0/stm32cubeide/plugins/com.st.stm32cube.ide.mcu.externaltools.gnu-tools-for-stm32.9-2020-q2-update.win32_2.0.0.202105311346/tools/bin/../lib/gcc/arm-none-eabi/9.3.1/../../../../arm-none-eabi/lib/thumb/v7-m/nofp\libc_nano.a(lib_a-memset.o)
