11:20:31 **** Incremental Build of configuration Debug for project interceptor ****
make -j4 all 
arm-none-eabi-size   interceptor.elf 
   text	   data	    bss	    dec	    hex	filename
  54232	    144	   4976	  59352	   e7d8	interceptor.elf
Finished building: default.size.stdout
 
11:20:46 **** Incremental Build of configuration Debug for project interceptor ****
make -j4 all 
arm-none-eabi-size   interceptor.elf 
   text	   data	    bss	    dec	    hex	filename
  54232	    144	   4976	  59352	   e7d8	interceptor.elf
Finished building: default.size.stdout
 
11:21:59 **** Incremental Build of configuration Debug for project interceptor ****
make -j4 all 
arm-none-eabi-size   interceptor.elf 
   text	   data	    bss	    dec	    hex	filename
  54232	    144	   4976	  59352	   e7d8	interceptor.elf
Finished building: default.size.stdout
 
11:23:19 **** Incremental Build of configuration Debug for project interceptor ****
make -j4 all 
arm-none-eabi-size   interceptor.elf 
   text	   data	    bss	    dec	    hex	filename
  54232	    144	   4976	  59352	   e7d8	interceptor.elf
Finished building: default.size.stdout
 
11:24:31 **** Incremental Build of configuration Debug for project interceptor ****
make -j4 all 
arm-none-eabi-size   interceptor.elf 
   text	   data	    bss	    dec	    hex	filename
  54232	    144	   4976	  59352	   e7d8	interceptor.elf
Finished building: default.size.stdout
 
11:26:39 **** Incremental Build of configuration Debug for project interceptor ****
make -j4 all 
arm-none-eabi-size   interceptor.elf 
   text	   data	    bss	    dec	    hex	filename
  54232	    144	   4976	  59352	   e7d8	interceptor.elf
Finished building: default.size.stdout
 
11:29:50 **** Incremental Build of configuration Debug for project interceptor ****
make -j4 all 
arm-none-eabi-size   interceptor.elf 
   text	   data	    bss	    dec	    hex	filename
  54232	    144	   4976	  59352	   e7d8	interceptor.elf
Finished building: default.size.stdout
 
11:30:28 **** Incremental Build of configuration Debug for project interceptor ****
make -j4 all 
arm-none-eabi-size   interceptor.elf 
   text	   data	    bss	    dec	    hex	filename
  54232	    144	   4976	  59352	   e7d8	interceptor.elf
Finished building: default.size.stdout
 
11:31:17 **** Incremental Build of configuration Debug for project interceptor ****
make -j4 all 
arm-none-eabi-size   interceptor.elf 
   text	   data	    bss	    dec	    hex	filename
  54232	    144	   4976	  59352	   e7d8	interceptor.elf
Finished building: default.size.stdout
 
11:34:17 **** Incremental Build of configuration Debug for project interceptor ****
make -j4 all 
arm-none-eabi-size   interceptor.elf 
   text	   data	    bss	    dec	    hex	filename
  54232	    144	   4976	  59352	   e7d8	interceptor.elf
Finished building: default.size.stdout
 
